ASxxxx Linker V03.00/V05.40 + sdld,  page 1.
Hexadecimal  [32-Bits]

Area                                    Addr        Size        Decimal Bytes (Attributes)
--------------------------------        ----        ----        ------- ----- ------------
CABS                                00000000    00000000 =           0. bytes (ABS,CON,CODE)

      Value  Global                              Global Defined In Module
      -----  --------------------------------   ------------------------
C:   00000000  l_BSEG                          
C:   00000000  l_BSEG_BYTES                    
C:   00000000  l_CABS                          
C:   00000000  l_GSINIT1                       
C:   00000000  l_GSINIT5                       
C:   00000000  l_IABS                          
C:   00000000  l_ISEG                          
C:   00000000  l_PSEG                          
C:   00000000  l_REG_BANK_1                    
C:   00000000  l_REG_BANK_2                    
C:   00000000  l_REG_BANK_3                    
C:   00000000  l_RSEG                          
C:   00000000  l_RSEG0                         
C:   00000000  l_RSEG1                         
C:   00000000  l_XABS                          
C:   00000000  l_XINIT                         
C:   00000000  l_XISEG                         
C:   00000000  l_XSEG                          
C:   00000000  l__CODE                         
C:   00000000  s_BSEG                          
C:   00000000  s_CABS                          
C:   00000000  s_DSEG                          
C:   00000000  s_HOME                          
C:   00000000  s_IABS                          
C:   00000000  s_ISEG                          
C:   00000000  s_REG_BANK_0                    
C:   00000000  s_RSEG                          
C:   00000000  s_RSEG0                         
C:   00000000  s_RSEG1                         
C:   00000000  s_XABS                          
C:   00000001  l_BIT_BANK                      
C:   00000001  s_PSEG                          
C:   00000001  s_XISEG                         
C:   00000001  s_XSEG                          
C:   00000003  l_GSFINAL                       
C:   00000003  l_GSINIT0                       
C:   00000007  l_GSINIT                        
C:   00000008  l_OSEG                          
C:   00000008  l_REG_BANK_0                    
C:   00000008  s_REG_BANK_1                    
C:   0000000A  l_GSINIT2                       
C:   00000010  s_REG_BANK_2                    
C:   00000012  l_CONST                         
C:   00000018  s_REG_BANK_3                    
C:   00000020  s_BIT_BANK                      
C:   00000020  s_BSEG_BYTES                    
C:   00000020  s__CODE                         
C:   00000022  l_GSINIT3                       
C:   0000002A  l_GSINIT4                       
C:   0000002C  s_OSEG                          
ASxxxx Linker V03.00/V05.40 + sdld,  page 2.
Hexadecimal  [32-Bits]

Area                                    Addr        Size        Decimal Bytes (Attributes)
--------------------------------        ----        ----        ------- ----- ------------
CABS                                00000000    00000000 =           0. bytes (ABS,CON,CODE)

      Value  Global                              Global Defined In Module
      -----  --------------------------------   ------------------------
C:   00000034  s_SSEG                          
C:   0000007D  l_DSEG                          
C:   0000008B  l_HOME                          
C:   0000008B  s_GSINIT0                       
C:   0000008E  s_GSINIT1                       
C:   0000008E  s_GSINIT2                       
C:   00000098  s_GSINIT3                       
C:   000000BA  s_GSINIT4                       
C:   000000CC  l_SSEG                          
C:   000000E4  s_GSINIT                        
C:   000000E4  s_GSINIT5                       
C:   000000EB  s_GSFINAL                       
C:   000000EE  s_CSEG                          
C:   00000100  l_IRAM                          
C:   00000B1A  l_CSEG                          
C:   00000C08  s_CONST                         
C:   00000C1A  s_XINIT                         

ASxxxx Linker V03.00/V05.40 + sdld,  page 3.
Hexadecimal  [32-Bits]

Area                                    Addr        Size        Decimal Bytes (Attributes)
--------------------------------        ----        ----        ------- ----- ------------
.  .ABS.                            00000000    00000000 =           0. bytes (ABS,CON)

      Value  Global                              Global Defined In Module
      -----  --------------------------------   ------------------------
     00000000  .__.ABS.                           _startup
     00000080  _MOSI                              PT6961
     00000080  _P0                                PT6961
     00000080  _P00                               PT6961
     00000081  _MISO                              PT6961
     00000081  _P01                               PT6961
     00000081  _SP                                PT6961
     00000082  _DPL                               PT6961
     00000082  _P02                               PT6961
     00000082  _RXD_1                             PT6961
     00000083  _DPH                               PT6961
     00000083  _P03                               PT6961
     00000084  _P04                               PT6961
     00000084  _RCTRIM0                           PT6961
     00000084  _STADC                             PT6961
     00000085  _P05                               PT6961
     00000085  _RCTRIM1                           PT6961
     00000086  _P06                               PT6961
     00000086  _RWK                               PT6961
     00000086  _TXD                               PT6961
     00000087  _P07                               PT6961
     00000087  _PCON                              PT6961
     00000087  _RXD                               PT6961
     00000088  _IT0                               PT6961
     00000088  _TCON                              PT6961
     00000089  _IE0                               PT6961
     00000089  _TMOD                              PT6961
     0000008A  _IT1                               PT6961
     0000008A  _TL0                               PT6961
     0000008B  _IE1                               PT6961
     0000008B  _TL1                               PT6961
     0000008C  _TH0                               PT6961
     0000008C  _TR0                               PT6961
     0000008D  _TF0                               PT6961
     0000008D  _TH1                               PT6961
     0000008E  _CKCON                             PT6961
     0000008E  _TR1                               PT6961
     0000008F  _TF1                               PT6961
     0000008F  _WKCON                             PT6961
     00000090  _P1                                PT6961
     00000090  _P10                               PT6961
     00000091  _P11                               PT6961
     00000091  _SFRS                              PT6961
     00000092  _CAPCON0                           PT6961
     00000092  _P12                               PT6961
     00000093  _CAPCON1                           PT6961
     00000093  _P13                               PT6961
     00000093  _SCL                               PT6961
     00000094  _CAPCON2                           PT6961
     00000094  _P14                               PT6961
ASxxxx Linker V03.00/V05.40 + sdld,  page 4.
Hexadecimal  [32-Bits]

Area                                    Addr        Size        Decimal Bytes (Attributes)
--------------------------------        ----        ----        ------- ----- ------------
.  .ABS.                            00000000    00000000 =           0. bytes (ABS,CON)

      Value  Global                              Global Defined In Module
      -----  --------------------------------   ------------------------
     00000094  _SDA                               PT6961
     00000095  _CKDIV                             PT6961
     00000095  _P15                               PT6961
     00000096  _CKSWT                             PT6961
     00000096  _P16                               PT6961
     00000096  _TXD_1                             PT6961
     00000097  _CKEN                              PT6961
     00000097  _P17                               PT6961
     00000098  _RI                                PT6961
     00000098  _SCON                              PT6961
     00000099  _SBUF                              PT6961
     00000099  _TI                                PT6961
     0000009A  _RB8                               PT6961
     0000009A  _SBUF_1                            PT6961
     0000009B  _EIE                               PT6961
     0000009B  _TB8                               PT6961
     0000009C  _EIE1                              PT6961
     0000009C  _REN                               PT6961
     0000009D  _SM2                               PT6961
     0000009E  _SM1                               PT6961
     0000009F  _CHPCON                            PT6961
     0000009F  _FE                                PT6961
     0000009F  _SM0                               PT6961
     000000A0  _P2                                PT6961
     000000A0  _P20                               PT6961
     000000A0  __XPAGE                            
     000000A2  _AUXR1                             PT6961
     000000A3  _BODCON0                           PT6961
     000000A4  _IAPTRG                            PT6961
     000000A5  _IAPUEN                            PT6961
     000000A6  _IAPAL                             PT6961
     000000A7  _IAPAH                             PT6961
     000000A8  _EX0                               PT6961
     000000A8  _IE                                PT6961
     000000A9  _ET0                               PT6961
     000000A9  _SADDR                             PT6961
     000000AA  _EX1                               PT6961
     000000AA  _WDCON                             PT6961
     000000AB  _BODCON1                           PT6961
     000000AB  _ET1                               PT6961
     000000AC  _ES                                PT6961
     000000AC  _P3M1                              PT6961
     000000AC  _P3S                               PT6961
     000000AD  _EBOD                              PT6961
     000000AD  _P3M2                              PT6961
     000000AD  _P3SR                              PT6961
     000000AE  _EADC                              PT6961
     000000AE  _IAPFD                             PT6961
     000000AF  _EA                                PT6961
     000000AF  _IAPCN                             PT6961
     000000B0  _P3                                PT6961
ASxxxx Linker V03.00/V05.40 + sdld,  page 5.
Hexadecimal  [32-Bits]

Area                                    Addr        Size        Decimal Bytes (Attributes)
--------------------------------        ----        ----        ------- ----- ------------
.  .ABS.                            00000000    00000000 =           0. bytes (ABS,CON)

      Value  Global                              Global Defined In Module
      -----  --------------------------------   ------------------------
     000000B0  _P30                               PT6961
     000000B1  _P0M1                              PT6961
     000000B1  _P0S                               PT6961
     000000B2  _P0M2                              PT6961
     000000B2  _P0SR                              PT6961
     000000B3  _P1M1                              PT6961
     000000B3  _P1S                               PT6961
     000000B4  _P1M2                              PT6961
     000000B4  _P1SR                              PT6961
     000000B5  _P2S                               PT6961
     000000B7  _IPH                               PT6961
     000000B7  _PWMINTC                           PT6961
     000000B8  _IP                                PT6961
     000000B8  _PX0                               PT6961
     000000B9  _PT0                               PT6961
     000000B9  _SADEN                             PT6961
     000000BA  _PX1                               PT6961
     000000BA  _SADEN_1                           PT6961
     000000BB  _PT1                               PT6961
     000000BB  _SADDR_1                           PT6961
     000000BC  _I2DAT                             PT6961
     000000BC  _PS                                PT6961
     000000BD  _I2STAT                            PT6961
     000000BD  _PBOD                              PT6961
     000000BE  _I2CLK                             PT6961
     000000BE  _PADC                              PT6961
     000000BF  _I2TOC                             PT6961
     000000C0  _I2CON                             PT6961
     000000C0  _I2CPX                             PT6961
     000000C1  _I2ADDR                            PT6961
     000000C2  _AA                                PT6961
     000000C2  _ADCRL                             PT6961
     000000C3  _ADCRH                             PT6961
     000000C3  _SI                                PT6961
     000000C4  _PWM4H                             PT6961
     000000C4  _STO                               PT6961
     000000C4  _T3CON                             PT6961
     000000C5  _PWM5H                             PT6961
     000000C5  _RL3                               PT6961
     000000C5  _STA                               PT6961
     000000C6  _I2CEN                             PT6961
     000000C6  _PIOCON1                           PT6961
     000000C6  _RH3                               PT6961
     000000C7  _TA                                PT6961
     000000C8  _CM_RL2                            PT6961
     000000C8  _T2CON                             PT6961
     000000C9  _T2MOD                             PT6961
     000000CA  _RCMP2L                            PT6961
     000000CA  _TR2                               PT6961
     000000CB  _RCMP2H                            PT6961
     000000CC  _PWM4L                             PT6961
ASxxxx Linker V03.00/V05.40 + sdld,  page 6.
Hexadecimal  [32-Bits]

Area                                    Addr        Size        Decimal Bytes (Attributes)
--------------------------------        ----        ----        ------- ----- ------------
.  .ABS.                            00000000    00000000 =           0. bytes (ABS,CON)

      Value  Global                              Global Defined In Module
      -----  --------------------------------   ------------------------
     000000CC  _TL2                               PT6961
     000000CD  _PWM5L                             PT6961
     000000CD  _TH2                               PT6961
     000000CE  _ADCMPL                            PT6961
     000000CF  _ADCMPH                            PT6961
     000000CF  _TF2                               PT6961
     000000D0  _P                                 PT6961
     000000D0  _PSW                               PT6961
     000000D1  _PWMPH                             PT6961
     000000D2  _OV                                PT6961
     000000D2  _PWM0H                             PT6961
     000000D3  _PWM1H                             PT6961
     000000D3  _RS0                               PT6961
     000000D4  _PWM2H                             PT6961
     000000D4  _RS1                               PT6961
     000000D5  _F0                                PT6961
     000000D5  _PWM3H                             PT6961
     000000D6  _AC                                PT6961
     000000D6  _PNP                               PT6961
     000000D7  _CY                                PT6961
     000000D7  _FBD                               PT6961
     000000D8  _PWMCON0                           PT6961
     000000D9  _PWMPL                             PT6961
     000000DA  _PWM0L                             PT6961
     000000DB  _PWM1L                             PT6961
     000000DC  _CLRPWM                            PT6961
     000000DC  _PWM2L                             PT6961
     000000DD  _PWM3L                             PT6961
     000000DD  _PWMF                              PT6961
     000000DE  _LOAD                              PT6961
     000000DE  _PIOCON0                           PT6961
     000000DF  _PWMCON1                           PT6961
     000000DF  _PWMRUN                            PT6961
     000000E0  _ACC                               PT6961
     000000E1  _ADCCON1                           PT6961
     000000E2  _ADCCON2                           PT6961
     000000E3  _ADCDLY                            PT6961
     000000E4  _C0L                               PT6961
     000000E5  _C0H                               PT6961
     000000E6  _C1L                               PT6961
     000000E7  _C1H                               PT6961
     000000E8  _ADCCON0                           PT6961
     000000E8  _ADCHS0                            PT6961
     000000E9  _ADCHS1                            PT6961
     000000E9  _PICON                             PT6961
     000000EA  _ADCHS2                            PT6961
     000000EA  _PINEN                             PT6961
     000000EB  _ADCHS3                            PT6961
     000000EB  _PIPEN                             PT6961
     000000EC  _ETGSEL0                           PT6961
     000000EC  _PIF                               PT6961
ASxxxx Linker V03.00/V05.40 + sdld,  page 7.
Hexadecimal  [32-Bits]

Area                                    Addr        Size        Decimal Bytes (Attributes)
--------------------------------        ----        ----        ------- ----- ------------
.  .ABS.                            00000000    00000000 =           0. bytes (ABS,CON)

      Value  Global                              Global Defined In Module
      -----  --------------------------------   ------------------------
     000000ED  _C2L                               PT6961
     000000ED  _ETGSEL1                           PT6961
     000000EE  _ADCS                              PT6961
     000000EE  _C2H                               PT6961
     000000EF  _ADCF                              PT6961
     000000EF  _EIP                               PT6961
     000000F0  _B                                 PT6961
     000000F1  _CAPCON3                           PT6961
     000000F2  _CAPCON4                           PT6961
     000000F3  _SPCR                              PT6961
     000000F3  _SPCR2                             PT6961
     000000F4  _SPSR                              PT6961
     000000F5  _B_5                               _gptrget
     000000F5  _SPDR                              PT6961
     000000F6  _AINDIDS                           PT6961
     000000F6  _B_6                               _gptrget
     000000F7  _B_7                               _gptrget
     000000F7  _EIPH                              PT6961
     000000F8  _RI_1                              PT6961
     000000F8  _SCON_1                            PT6961
     000000F9  _PDTEN                             PT6961
     000000F9  _TI_1                              PT6961
     000000FA  _PDTCNT                            PT6961
     000000FA  _RB8_1                             PT6961
     000000FB  _PMEN                              PT6961
     000000FB  _TB8_1                             PT6961
     000000FC  _PMD                               PT6961
     000000FC  _REN_1                             PT6961
     000000FD  _SM2_1                             PT6961
     000000FE  _EIP1                              PT6961
     000000FE  _SM1_1                             PT6961
     000000FF  _EIPH1                             PT6961
     000000FF  _FE_1                              PT6961
     000000FF  _SM0_1                             PT6961
ASxxxx Linker V03.00/V05.40 + sdld,  page 8.
Hexadecimal  [32-Bits]

Area                                    Addr        Size        Decimal Bytes (Attributes)
--------------------------------        ----        ----        ------- ----- ------------
REG_BANK_0                          00000000    00000008 =           8. bytes (REL,OVR)

      Value  Global                              Global Defined In Module
      -----  --------------------------------   ------------------------
ASxxxx Linker V03.00/V05.40 + sdld,  page 9.
Hexadecimal  [32-Bits]

Area                                    Addr        Size        Decimal Bytes (Attributes)
--------------------------------        ----        ----        ------- ----- ------------
BIT_BANK                            00000020    00000001 =           1. bytes (REL,OVR)

      Value  Global                              Global Defined In Module
      -----  --------------------------------   ------------------------
ASxxxx Linker V03.00/V05.40 + sdld,  page 10.
Hexadecimal  [32-Bits]

Area                                    Addr        Size        Decimal Bytes (Attributes)
--------------------------------        ----        ----        ------- ----- ------------
DSEG                                00000000    0000007D =         125. bytes (REL,CON)

      Value  Global                              Global Defined In Module
      -----  --------------------------------   ------------------------
     00000008  _time                              main
     0000000B  _stopwatch                         main
     0000000E  _isrFunction                       main
     00000021  _pt6961_setNumber_PARM_2           PT6961
     00000025  _pt6961_setNumberFade_PARM_2       PT6961

ASxxxx Linker V03.00/V05.40 + sdld,  page 11.
Hexadecimal  [32-Bits]

Area                                    Addr        Size        Decimal Bytes (Attributes)
--------------------------------        ----        ----        ------- ----- ------------
OSEG                                0000002C    00000008 =           8. bytes (REL,OVR)

      Value  Global                              Global Defined In Module
      -----  --------------------------------   ------------------------
     0000002C  __divsint_PARM_2                   _divuint
     0000002C  __divuint_PARM_2                   _divuint
     0000002C  __gptrput_PARM_2                   _gptrput
     0000002C  __modsint_PARM_2                   _moduint
     0000002C  __moduint_PARM_2                   _moduint
     0000002C  __mulint_PARM_2                    _mulint
     0000002C  _clock_PARM_2                      clock

ASxxxx Linker V03.00/V05.40 + sdld,  page 12.
Hexadecimal  [32-Bits]

Area                                    Addr        Size        Decimal Bytes (Attributes)
--------------------------------        ----        ----        ------- ----- ------------
SSEG                                00000034    000000CC =         204. bytes (REL,OVR)

      Value  Global                              Global Defined In Module
      -----  --------------------------------   ------------------------
     00000034  __start__stack                     main

ASxxxx Linker V03.00/V05.40 + sdld,  page 13.
Hexadecimal  [32-Bits]

Area                                    Addr        Size        Decimal Bytes (Attributes)
--------------------------------        ----        ----        ------- ----- ------------
HOME                                00000000    0000008B =         139. bytes (REL,CON,CODE)

      Value  Global                              Global Defined In Module
      -----  --------------------------------   ------------------------
C:   00000086  __sdcc_program_startup             main
C:   00000089  __sdcc_call_dptr                   

ASxxxx Linker V03.00/V05.40 + sdld,  page 14.
Hexadecimal  [32-Bits]

Area                                    Addr        Size        Decimal Bytes (Attributes)
--------------------------------        ----        ----        ------- ----- ------------
GSINIT0                             0000008B    00000003 =           3. bytes (REL,CON,CODE)

      Value  Global                              Global Defined In Module
      -----  --------------------------------   ------------------------
C:   0000008B  __sdcc_gsinit_startup              

ASxxxx Linker V03.00/V05.40 + sdld,  page 15.
Hexadecimal  [32-Bits]

Area                                    Addr        Size        Decimal Bytes (Attributes)
--------------------------------        ----        ----        ------- ----- ------------
GSINIT2                             0000008E    0000000A =          10. bytes (REL,CON,CODE)

      Value  Global                              Global Defined In Module
      -----  --------------------------------   ------------------------
ASxxxx Linker V03.00/V05.40 + sdld,  page 16.
Hexadecimal  [32-Bits]

Area                                    Addr        Size        Decimal Bytes (Attributes)
--------------------------------        ----        ----        ------- ----- ------------
GSINIT3                             00000098    00000022 =          34. bytes (REL,CON,CODE)

      Value  Global                              Global Defined In Module
      -----  --------------------------------   ------------------------
C:   00000098  __mcs51_genXINIT                   

ASxxxx Linker V03.00/V05.40 + sdld,  page 17.
Hexadecimal  [32-Bits]

Area                                    Addr        Size        Decimal Bytes (Attributes)
--------------------------------        ----        ----        ------- ----- ------------
GSINIT4                             000000BA    0000002A =          42. bytes (REL,CON,CODE)

      Value  Global                              Global Defined In Module
      -----  --------------------------------   ------------------------
C:   000000BA  __mcs51_genRAMCLEAR                
C:   000000C0  __mcs51_genXRAMCLEAR               

ASxxxx Linker V03.00/V05.40 + sdld,  page 18.
Hexadecimal  [32-Bits]

Area                                    Addr        Size        Decimal Bytes (Attributes)
--------------------------------        ----        ----        ------- ----- ------------
GSINIT                              000000E4    00000007 =           7. bytes (REL,CON,CODE)

      Value  Global                              Global Defined In Module
      -----  --------------------------------   ------------------------
ASxxxx Linker V03.00/V05.40 + sdld,  page 19.
Hexadecimal  [32-Bits]

Area                                    Addr        Size        Decimal Bytes (Attributes)
--------------------------------        ----        ----        ------- ----- ------------
GSFINAL                             000000EB    00000003 =           3. bytes (REL,CON,CODE)

      Value  Global                              Global Defined In Module
      -----  --------------------------------   ------------------------
ASxxxx Linker V03.00/V05.40 + sdld,  page 20.
Hexadecimal  [32-Bits]

Area                                    Addr        Size        Decimal Bytes (Attributes)
--------------------------------        ----        ----        ------- ----- ------------
CSEG                                000000EE    00000B1A =        2842. bytes (REL,CON,CODE)

      Value  Global                              Global Defined In Module
      -----  --------------------------------   ------------------------
C:   000000EE  _Timer3_ISR                        main
C:   00000155  _showTime                          main
C:   00000186  _showSecond                        main
C:   00000194  _showStopwatch                     main
C:   000001D2  _showSetup                         main
C:   0000027B  _main                              main
C:   00000548  _pt6961_writeBit                   PT6961
C:   00000555  _pt6961_writeByte                  PT6961
C:   00000561  _pt6961_writeCommand               PT6961
C:   00000572  _pt6961_clear                      PT6961
C:   000005B7  _pt6961_setBrightness              PT6961
C:   000005CD  _pt6961_init                       PT6961
C:   000005EE  _pt6961_setNumber                  PT6961
C:   00000702  _pt6961_setNumberFade              PT6961
C:   000009D6  _clock                             clock
C:   00000A80  _getTime                           clock
C:   00000ACC  __gptrput                          _gptrput
C:   00000AE7  __mulint                           _mulint
C:   00000AE7  __mulint_dummy                     _mulint
C:   00000B04  __moduint                          _moduint
C:   00000B51  __divuint                          _divuint
C:   00000B7A  __gptrget                          _gptrget
C:   00000B96  __modsint                          _modsint
C:   00000BCC  __divsint                          _divsint
C:   00000C04  ___sdcc_external_startup           _startup

ASxxxx Linker V03.00/V05.40 + sdld,  page 21.
Hexadecimal  [32-Bits]

Area                                    Addr        Size        Decimal Bytes (Attributes)
--------------------------------        ----        ----        ------- ----- ------------
CONST                               00000C08    00000012 =          18. bytes (REL,CON,CODE)

      Value  Global                              Global Defined In Module
      -----  --------------------------------   ------------------------
C:   00000C08  _u8segments                        PT6961

ASxxxx Linker V03.00/V05.40 + sdld,  page 22.

Files Linked                              [ module(s) ]

main.rel                                  [  ]
PT6961.rel                                [  ]
clock.rel                                 [  ]


Libraries Linked                          [ object file ]

/opt/homebrew/bin/../share/sdcc/lib/small/mcs51.lib
                                          [ crtclear.rel ]
/opt/homebrew/bin/../share/sdcc/lib/small/mcs51.lib
                                          [ crtxinit.rel ]
/opt/homebrew/bin/../share/sdcc/lib/small/libsdcc.lib
                                          [ _gptrput.rel ]
/opt/homebrew/bin/../share/sdcc/lib/small/libint.lib
                                          [ _mulint.rel ]
/opt/homebrew/bin/../share/sdcc/lib/small/libint.lib
                                          [ _moduint.rel ]
/opt/homebrew/bin/../share/sdcc/lib/small/libint.lib
                                          [ _divuint.rel ]
/opt/homebrew/bin/../share/sdcc/lib/small/mcs51.lib
                                          [ crtxclear.rel ]
/opt/homebrew/bin/../share/sdcc/lib/small/mcs51.lib
                                          [ crtcall.rel ]
/opt/homebrew/bin/../share/sdcc/lib/small/mcs51.lib
                                          [ crtpagesfr.rel ]
/opt/homebrew/bin/../share/sdcc/lib/small/mcs51.lib
                                          [ crtstart.rel ]
/opt/homebrew/bin/../share/sdcc/lib/small/libsdcc.lib
                                          [ _gptrget.rel ]
/opt/homebrew/bin/../share/sdcc/lib/small/libint.lib
                                          [ _modsint.rel ]
/opt/homebrew/bin/../share/sdcc/lib/small/libint.lib
                                          [ _divsint.rel ]
/opt/homebrew/bin/../share/sdcc/lib/small/libsdcc.lib
                                          [ _startup.rel ]

ASxxxx Linker V03.00/V05.40 + sdld,  page 23.

User Base Address Definitions

HOME = 0x0000
XSEG = 0x0001
PSEG = 0x0001
ISEG = 0x0000
BSEG = 0x0000

